 $ docker logout
Removing login credentials for https://index.docker.io/v1/
WARNING: could not erase credentials:
https://index.docker.io/v1/: error erasing credentials - err: exit status 1, out: `error erasing credentials - err: exit status 1, out: `The specified item could not be found in the keychain.``
aarif@MacBook-Pro~/Documents/dev-ws/insights/insights-host-inventory[hbi-in-ephem-env] $
# ========================================================================================
 $ docker logout quay.io
Removing login credentials for quay.io
aarif@MacBook-Pro~/Documents/dev-ws/insights/insights-host-inventory[hbi-in-ephem-env] $
# ========================================================================================
 $ docker logout quay.io
Removing login credentials for quay.io
aarif@MacBook-Pro~/Documents/dev-ws/insights/insights-host-inventory[hbi-in-ephem-env] $
# ========================================================================================
$ docker login quay.io
Username: thearifismail
Password:
Login Succeeded
$
# ========================================================================================
$ peid
Installing dependencies from Pipfile.lock (c50652)...
  üêç   ‚ñâ‚ñâ‚ñâ‚ñâ‚ñâ‚ñâ‚ñâ‚ñâ‚ñâ‚ñâ‚ñâ‚ñâ‚ñâ‚ñâ‚ñâ‚ñâ‚ñâ‚ñâ‚ñâ‚ñâ‚ñâ‚ñâ‚ñâ‚ñâ‚ñâ‚ñâ‚ñâ‚ñâ‚ñâ‚ñâ‚ñâ‚ñâ 0/0 ‚Äî 00:00:00
To activate this project's virtualenv, run pipenv shell.
Alternatively, run a command inside the virtualenv with pipenv run.
$
# ========================================================================================
$ pesh
Launching subshell in virtual environment...

The default interactive shell is now zsh.
To update your account to use zsh, please run `chsh -s /bin/zsh`.
For more details, please visit https://support.apple.com/kb/HT208050.
bash-3.2$  . /Users/aarif/.local/share/virtualenvs/insights-host-inventory-408tqVB7/bin/activate
(insights-host-inventory) bash-3.2$

# ========================================================================================
$ code .
# ========================================================================================
# update build_deploy.sh with quay.io username and password
# ========================================================================================
$ docker images
# ========================================================================================
./build_deploy.sh
# ========================================================================================
Open a new terminal window
# ========================================================================================
$ cd ~/bonfire_venv
# ========================================================================================
login to ephemeral cluster
# ========================================================================================
# Check the content of ~/.config/bonfire/config
# ========================================================================================
$ bonfire namespace list to see available namespaces.
# ========================================================================================
$ bonfire namespace reserve
2021-07-02 18:14:32 [    INFO] [          MainThread] reserving ephemeral namespace...
2021-07-02 18:14:32 [    INFO] [          MainThread] attempt [1] to reserve namespace
2021-07-02 18:14:33 [    INFO] [          MainThread] running (pid 3932): oc patch namespace ephemeral-09 --type json -p [{"op": "replace", "path": "/metadata/labels/ephemeral-ns-reserved", "value": "true"}, {"op": "replace", "path": "/metadata/labels/ephemeral-ns-ready", "value": "false"}, {"op": "replace", "path": "/metadata/labels/ephemeral-ns-requester", "value": "9b1e63ce-8c81-458d-92f0-c405b3f206cc"}, {"op": "replace", "path": "/metadata/labels/ephemeral-ns-duration", "value": "1"}, {"op": "replace", "path": "/metadata/labels/ephemeral-ns-expires", "value": null}, {"op": "replace", "path": "/metadata/labels/ephemeral-ns-requester-name", "value": "thearifismail"}]
2021-07-02 18:14:33 [    INFO] [            pid-3932]  |stdout| namespace/ephemeral-09 patched
ephemeral-09
# ========================================================================================
Reserve the namespace for a long time
$ bonfire namespace reserve ephemeral-09 -d 672
2021-07-02 18:16:34 [    INFO] [          MainThread] reserving ephemeral namespace 'ephemeral-09'...
2021-07-02 18:16:35 [    INFO] [          MainThread] attempt [1] to reserve namespace ephemeral-09
2021-07-02 18:16:36 [    INFO] [          MainThread] running (pid 4184): oc patch namespace ephemeral-09 --type json -p [{"op": "replace", "path": "/metadata/labels/ephemeral-ns-reserved", "value": "true"}, {"op": "replace", "path": "/metadata/labels/ephemeral-ns-ready", "value": "false"}, {"op": "replace", "path": "/metadata/labels/ephemeral-ns-requester", "value": "60acd378-a39f-4f4d-aa00-395b495a5a94"}, {"op": "replace", "path": "/metadata/labels/ephemeral-ns-duration", "value": "672"}, {"op": "replace", "path": "/metadata/labels/ephemeral-ns-expires", "value": null}, {"op": "replace", "path": "/metadata/labels/ephemeral-ns-requester-name", "value": "thearifismail"}]
2021-07-02 18:16:36 [    INFO] [            pid-4184]  |stdout| namespace/ephemeral-09 patched
ephemeral-09

# ========================================================================================
$ ephemeral-09  true        false    thearifismail  27d23h59m11s
# ========================================================================================
$
# ========================================================================================
$
# ========================================================================================
$
# ========================================================================================
$
# ========================================================================================
$
# ========================================================================================
$
# ========================================================================================
$
# ========================================================================================
$
# ========================================================================================
$
# ========================================================================================
$
